// Jest Snapshot v1, https://goo.gl/fbAQLP

exports[`<ResumeLayout /> Matches the snapshot 1`] = `
<div>
  <header
    data-testid="header-mock"
  >
    Mock Header
  </header>
  <section
    data-color="standard"
    data-testid="section-mock"
  >
    <div
      data-gap="0"
      data-testid="row-mock"
    >
      <div
        data-testid="column-mock"
      >
        <div
          data-testid="about-me-mock"
        >
          About Me Content
        </div>
      </div>
      <div
        data-testid="column-mock"
      >
        <div
          data-testid="contact-info-mock"
        >
          Contact Info Content
        </div>
      </div>
    </div>
    <div
      data-testid="skills-mock"
    >
      Skills Content
    </div>
  </section>
  <section
    data-color="alternate"
    data-testid="section-mock"
  >
    <div
      data-testid="box-mock"
    >
      <div
        data-testid="section-header-mock"
      >
        Professional Experience
      </div>
    </div>
    <div
      data-testid="professional-item-mock"
    >
      Professional: test
    </div>
  </section>
  <section
    data-color="standard"
    data-testid="section-mock"
  >
    <div
      data-testid="box-mock"
    >
      <div
        data-testid="section-header-mock"
      >
        Education
      </div>
    </div>
    <div
      data-testid="education-item-mock"
    >
      Education: test
    </div>
  </section>
  <section
    data-color="alternate"
    data-testid="section-mock"
  >
    <div
      data-testid="projects-mock"
    >
      Projects Content
    </div>
  </section>
  <footer
    data-testid="footer-mock"
  >
    Mock Footer
  </footer>
</div>
`;
