// Jest Snapshot v1, https://goo.gl/fbAQLP

exports[`<Section /> Matches the snapshot 1`] = `
<div>
  <section
    class="mock-section-alternate"
  >
    <div
      class="mock-atoms-class Container_containerStyle__rjkhb01 Container_containerFluidStyle__rjkhb00 margin_mxAuto__1nlkou20 mock-atoms-class"
    >
      <div>
        Test
      </div>
    </div>
  </section>
</div>
`;
